I'm sorry, but errors were detected in your script. Please correct the
errors listed below, and try again.


File "game/script.rpy", line 277: expected end of line
    play sound 2_1
                ^

Ren'Py Version: Ren'Py 8.2.1.24030407
Tue Jul 16 19:08:04 2024
